{"id":1,"name":"test flower","color":"test flower color","Price":4}

