[
{"id":1,"name":"test flower 1","color":"test flower color 1"},
{"id":2,"name":"test flower 2","color":"test flower color 2"},
{"id":3,"name":"test flower 3","color":"test flower color 3"},
]