{
  "Location": "/flower/1",
  "Value": {
    "Id": 1,
    "Name": "test flower 1"
  },
  "Formatters": [],
  "ContentTypes": [],
  "DeclaredType": null,
  "StatusCode": 201
}